[14-Jul-2017 17:21:03 UTC] PHP Fatal error:  Allowed memory size of 1073741824 bytes exhausted (tried to allocate 76 bytes) in /home/ftp/1520/sugemall_com-20160528-Red/sugemall.com/eccore/model/mysql.php on line 504
[14-Aug-2017 18:10:06 UTC] PHP Fatal error:  Allowed memory size of 1073741824 bytes exhausted (tried to allocate 80 bytes) in /home/ftp/1520/sugemall_com-20160528-Red/sugemall.com/eccore/model/mysql.php on line 504
[14-Aug-2017 22:20:32 UTC] PHP Fatal error:  Allowed memory size of 1073741824 bytes exhausted (tried to allocate 7 bytes) in /home/ftp/1520/sugemall_com-20160528-Red/sugemall.com/eccore/model/mysql.php on line 504
[14-Aug-2017 22:21:31 UTC] PHP Fatal error:  Allowed memory size of 1073741824 bytes exhausted (tried to allocate 71 bytes) in /home/ftp/1520/sugemall_com-20160528-Red/sugemall.com/eccore/model/model.base.php on line 209
[08-Oct-2017 16:41:54 UTC] PHP Notice:  Undefined index: referid in /home/ftp/1520/sugemall_com-20160528-Red/sugemall.com/app/frontend.base.php on line 61
[09-Oct-2017 16:41:58 UTC] PHP Notice:  Undefined index: referid in /home/ftp/1520/sugemall_com-20160528-Red/sugemall.com/app/frontend.base.php on line 61
[10-Oct-2017 16:41:52 UTC] PHP Notice:  Undefined index: referid in /home/ftp/1520/sugemall_com-20160528-Red/sugemall.com/app/frontend.base.php on line 61
